tyler@Anoncipher:~/edufiliova$ cordova platform add android
Current working directory is not a Cordova-based project.
tyler@Anoncipher:~/edufiliova$ npm install -g cordova
npm warn deprecated inflight@1.0.6: This module is not supported, and leaks memory. Do not use it. Check out lru-cache if you want a good and tested way to coalesce async requests by a key value, which is much more comprehensive and powerful.
npm warn deprecated @npmcli/move-file@2.0.1: This functionality has been moved to @npmcli/fs
npm warn deprecated stringify-package@1.0.1: This module is not used anymore, and has been replaced by @npmcli/package-json
npm warn deprecated read-package-json@6.0.4: This package is no longer supported. Please use @npmcli/package-json instead.
npm warn deprecated npmlog@6.0.2: This package is no longer supported.
npm warn deprecated npmlog@7.0.1: This package is no longer supported.
npm warn deprecated har-validator@5.1.5: this library is no longer supported
npm warn deprecated rimraf@3.0.2: Rimraf versions prior to v4 are no longer supported
npm warn deprecated are-we-there-yet@3.0.1: This package is no longer supported.
npm warn deprecated are-we-there-yet@4.0.2: This package is no longer supported.
npm warn deprecated glob@7.2.3: Glob versions prior to v9 are no longer supported
npm warn deprecated glob@7.2.3: Glob versions prior to v9 are no longer supported
npm warn deprecated glob@8.1.0: Glob versions prior to v9 are no longer supported
npm warn deprecated q@1.5.1: You or someone you depend on is using Q, the JavaScript Promise library that gave JavaScript developers strong feelings about promises. They can almost certainly migrate to the native JavaScript promise now. Thank you literally everyone for joining me in this bet against the odds. Be excellent to each other.
npm warn deprecated
npm warn deprecated (For a CapTP with native promises, see @endo/eventual-send and @endo/captp)
npm warn deprecated dep-graph@1.1.0: Package no longer supported. Contact Support at https://www.npmjs.com/support for more info.
npm warn deprecated uuid@3.4.0: Please upgrade  to version 7 or higher.  Older versions may use Math.random() in certain circumstances, which is known to be problematic.  See https://v8.dev/blog/math-random for details.
npm warn deprecated gauge@4.0.4: This package is no longer supported.
npm warn deprecated gauge@5.0.2: This package is no longer supported.
npm warn deprecated request@2.88.2: request has been deprecated, see https://github.com/request/request/issues/3142

changed 552 packages in 2m

67 packages are looking for funding
  run `npm fund` for details
tyler@Anoncipher:~/edufiliova$ cordova platform add android
Current working directory is not a Cordova-based project.
tyler@Anoncipher:~/edufiliova$ cd ~/edufiliova/cordova-app
cordova platform add android
Using cordova-fetch for cordova-android@^12.0.0
Adding android project...
Creating Cordova project for the Android platform:
	Path: platforms/android
	Package: com.edufiliova.app
	Name: EduFiliova
	Activity: MainActivity
	Android Target SDK: android-33
	Android Compile SDK: 33
Subproject Path: CordovaLib
Subproject Path: app
Android project created with cordova-android@12.0.1
The "<splash>" tags were detected and are no longer supported. Please migrate to the "preference" tag "AndroidWindowSplashScreenAnimatedIcon".
The "AndroidWindowSplashScreenAnimatedIcon" value does not exist. Cordova's default will be used.
Source path does not exist: res/icon/android-hdpi.png
tyler@Anoncipher:~/edufiliova/cordova-app$ cordova platform add android
Using cordova-fetch for cordova-android@^12.0.1
Platform android already added.
tyler@Anoncipher:~/edufiliova/cordova-app$ cordova build android
Plugin 'cordova-plugin-local-notification' found in config.xml... Migrating it to package.json
Plugin 'cordova-plugin-push' found in config.xml... Migrating it to package.json
Plugin 'cordova-plugin-vibration' found in config.xml... Migrating it to package.json
Plugin 'cordova-plugin-badge' found in config.xml... Migrating it to package.json
Discovered plugin "cordova-plugin-whitelist". Adding it to the project
Installing "cordova-plugin-whitelist" for android
Plugin doesn't support this project's cordova-android version. cordova-android: 12.0.1, failed version requirement: >=4.0.0 <10.0.0
Skipping 'cordova-plugin-whitelist' for android
The "<splash>" tags were detected and are no longer supported. Please migrate to the "preference" tag "AndroidWindowSplashScreenAnimatedIcon".
The "AndroidWindowSplashScreenAnimatedIcon" value does not exist. Cordova's default will be used.
Failed to restore plugin "cordova-plugin-whitelist". You might need to try adding it again. Error: Error: Source path does not exist: res/icon/android-hdpi.png
Discovered plugin "cordova-plugin-splashscreen". Adding it to the project
Installing "cordova-plugin-splashscreen" for android
Plugin doesn't support this project's cordova-android version. cordova-android: 12.0.1, failed version requirement: >=3.6.0 <11.0.0
Skipping 'cordova-plugin-splashscreen' for android
The "<splash>" tags were detected and are no longer supported. Please migrate to the "preference" tag "AndroidWindowSplashScreenAnimatedIcon".
The "AndroidWindowSplashScreenAnimatedIcon" value does not exist. Cordova's default will be used.
Failed to restore plugin "cordova-plugin-splashscreen". You might need to try adding it again. Error: Error: Source path does not exist: res/icon/android-hdpi.png
Discovered plugin "cordova-plugin-network-information". Adding it to the project
Installing "cordova-plugin-network-information" for android
Discovered plugin "cordova-plugin-local-notification". Adding it to the project
Failed to restore plugin "cordova-plugin-local-notification". You might need to try adding it again. Error: CordovaError: Failed to fetch plugin cordova-plugin-local-notification@^0.9.0-beta.3 via registry.
Probably this is either a connection problem, or plugin spec is incorrect.
Check your connection and plugin name/version/URL.
CordovaError: Error: npm: Command failed with exit code 1 Error output:
npm error code ETARGET
npm error notarget No matching version found for cordova-plugin-push@^4.0.0.
npm error notarget In most cases you or one of your dependencies are requesting
npm error notarget a package version that doesn't exist.
npm error A complete log of this run can be found in: /home/tyler/.npm/_logs/2025-12-21T21_02_57_818Z-debug-0.log
Discovered plugin "cordova-plugin-vibration". Adding it to the project
Failed to restore plugin "cordova-plugin-vibration". You might need to try adding it again. Error: CordovaError: Failed to fetch plugin cordova-plugin-vibration@^3.1.1 via registry.
Probably this is either a connection problem, or plugin spec is incorrect.
Check your connection and plugin name/version/URL.
CordovaError: Error: npm: Command failed with exit code 1 Error output:
npm error code ETARGET
npm error notarget No matching version found for cordova-plugin-push@^4.0.0.
npm error notarget In most cases you or one of your dependencies are requesting
npm error notarget a package version that doesn't exist.
npm error A complete log of this run can be found in: /home/tyler/.npm/_logs/2025-12-21T21_03_04_749Z-debug-0.log
The "<splash>" tags were detected and are no longer supported. Please migrate to the "preference" tag "AndroidWindowSplashScreenAnimatedIcon".
The "AndroidWindowSplashScreenAnimatedIcon" value does not exist. Cordova's default will be used.
Source path does not exist: res/icon/android-hdpi.png
tyler@Anoncipher:~/edufiliova/cordova-app$  cordova build android
Discovered plugin "cordova-plugin-statusbar". Adding it to the project
Installing "cordova-plugin-statusbar" for android
Discovered plugin "cordova-plugin-inappbrowser". Adding it to the project
Installing "cordova-plugin-inappbrowser" for android
Discovered plugin "cordova-plugin-local-notification". Adding it to the project
Failed to restore plugin "cordova-plugin-local-notification". You might need to try adding it again. Error: CordovaError: Failed to fetch plugin cordova-plugin-local-notification@^0.9.0-beta.3 via registry.
Probably this is either a connection problem, or plugin spec is incorrect.
Check your connection and plugin name/version/URL.
CordovaError: Error: npm: Command failed with exit code 1 Error output:
npm error code ETARGET
npm error notarget No matching version found for cordova-plugin-push@^4.0.0.
npm error notarget In most cases you or one of your dependencies are requesting
npm error notarget a package version that doesn't exist.
npm error A complete log of this run can be found in: /home/tyler/.npm/_logs/2025-12-21T21_06_08_781Z-debug-0.log
Discovered plugin "cordova-plugin-vibration". Adding it to the project
Failed to restore plugin "cordova-plugin-vibration". You might need to try adding it again. Error: CordovaError: Failed to fetch plugin cordova-plugin-vibration@^3.1.1 via registry.
Probably this is either a connection problem, or plugin spec is incorrect.
Check your connection and plugin name/version/URL.
CordovaError: Error: npm: Command failed with exit code 1 Error output:
npm error code ETARGET
npm error notarget No matching version found for cordova-plugin-push@^4.0.0.
npm error notarget In most cases you or one of your dependencies are requesting
npm error notarget a package version that doesn't exist.
npm error A complete log of this run can be found in: /home/tyler/.npm/_logs/2025-12-21T21_06_09_923Z-debug-0.log
The "<splash>" tags were detected and are no longer supported. Please migrate to the "preference" tag "AndroidWindowSplashScreenAnimatedIcon".
The "AndroidWindowSplashScreenAnimatedIcon" value does not exist. Cordova's default will be used.
Source path does not exist: res/icon/android-hdpi.png
tyler@Anoncipher:~/edufiliova/cordova-app$ 

